// Jest Snapshot v1, https://goo.gl/fbAQLP

exports[`Pruebas sobre el componente <GifGrid />  Debe renderizar el componente <GifGrid /> correctamente  1`] = `
<div>
  <h3
    className="animate__animated animate__fadeInUpBig "
  >
     
     
  </h3>
  <p
    className=" animate__animated animate__fadeInUpBig"
  >
    loading...
  </p>
  <div
    className="card-grid"
  />
</div>
`;
